AutoLogon@NHLOAN-L-6868 MINGW64 ~/Downloads/kuldeepv1
$ git init
Initialized empty Git repository in C:/Users/AutoLogon/Downloads/kuldeepv1/.git/

AutoLogon@NHLOAN-L-6868 MINGW64 ~/Downloads/kuldeepv1 (master)
$ git add .

AutoLogon@NHLOAN-L-6868 MINGW64 ~/Downloads/kuldeepv1 (master)
$ git commit -m
error: switch `m' requires a value

AutoLogon@NHLOAN-L-6868 MINGW64 ~/Downloads/kuldeepv1 (master)
$






AutoLogon@NHLOAN-L-6868 MINGW64 ~/Downloads/kuldeepv1 (master)
$



AutoLogon@NHLOAN-L-6868 MINGW64 ~/Downloads/kuldeepv1 (master)
$

AutoLogon@NHLOAN-L-6868 MINGW64 ~/Downloads/kuldeepv1 (master)
$

AutoLogon@NHLOAN-L-6868 MINGW64 ~/Downloads/kuldeepv1 (master)
$

AutoLogon@NHLOAN-L-6868 MINGW64 ~/Downloads/kuldeepv1 (master)
$

AutoLogon@NHLOAN-L-6868 MINGW64 ~/Downloads/kuldeepv1 (master)
$

AutoLogon@NHLOAN-L-6868 MINGW64 ~/Downloads/kuldeepv1 (master)
$

AutoLogon@NHLOAN-L-6868 MINGW64 ~/Downloads/kuldeepv1 (master)
$

AutoLogon@NHLOAN-L-6868 MINGW64 ~/Downloads/kuldeepv1 (master)
$ git log
fatal: your current branch 'master' does not have any commits yet

AutoLogon@NHLOAN-L-6868 MINGW64 ~/Downloads/kuldeepv1 (master)
$ git status
On branch master

No commits yet

Changes to be committed:
  (use "git rm --cached <file>..." to unstage)
        new file:   Convertingkuldeepsinh (1).xlsx
        new file:   conversion.c
        new file:   conversion.h
        new file:   kuldeepsinh'sconvertingfileoutput.txt


AutoLogon@NHLOAN-L-6868 MINGW64 ~/Downloads/kuldeepv1 (master)
$ git commit-m"This is initial commit"
git: 'commit-mThis is initial commit' is not a git command. See 'git --help'.

AutoLogon@NHLOAN-L-6868 MINGW64 ~/Downloads/kuldeepv1 (master)
$ git commit-m "This is initial commit"
git: 'commit-m' is not a git command. See 'git --help'.

The most similar command is
        commit-tree

AutoLogon@NHLOAN-L-6868 MINGW64 ~/Downloads/kuldeepv1 (master)
$ git commit -m "This is initial commit"
[master (root-commit) aa2f4d4] This is initial commit
 4 files changed, 117 insertions(+)
 create mode 100644 Convertingkuldeepsinh (1).xlsx
 create mode 100644 conversion.c
 create mode 100644 conversion.h
 create mode 100644 kuldeepsinh'sconvertingfileoutput.txt

AutoLogon@NHLOAN-L-6868 MINGW64 ~/Downloads/kuldeepv1 (master)
$ git remote add origin https://github.com/Kuldeepsinh1/kuldeepv1.git

AutoLogon@NHLOAN-L-6868 MINGW64 ~/Downloads/kuldeepv1 (master)
$ git push -u origin master
Enumerating objects: 6, done.
Counting objects: 100% (6/6), done.
Delta compression using up to 4 threads
Compressing objects: 100% (6/6), done.
Writing objects: 100% (6/6), 20.02 KiB | 10.01 MiB/s, done.
Total 6 (delta 0), reused 0 (delta 0), pack-reused 0
To https://github.com/Kuldeepsinh1/kuldeepv1.git
 * [new branch]      master -> master
branch 'master' set up to track 'origin/master'.

AutoLogon@NHLOAN-L-6868 MINGW64 ~/Downloads/kuldeepv1 (master)
$ git status
On branch master
Your branch is up to date with 'origin/master'.

Changes not staged for commit:
  (use "git add/rm <file>..." to update what will be committed)
  (use "git restore <file>..." to discard changes in working directory)
        modified:   Convertingkuldeepsinh (1).xlsx
        deleted:    conversion.c
        deleted:    conversion.h
        deleted:    kuldeepsinh'sconvertingfileoutput.txt

Untracked files:
  (use "git add <file>..." to include in what will be committed)
        converting.c
        converting.h
        convertingv2output.txt

no changes added to commit (use "git add" and/or "git commit -a")

AutoLogon@NHLOAN-L-6868 MINGW64 ~/Downloads/kuldeepv1 (master)
$ git add .

AutoLogon@NHLOAN-L-6868 MINGW64 ~/Downloads/kuldeepv1 (master)
$ git commit -m "this is version 2 my friend"
[master b9e4381] this is version 2 my friend
 6 files changed, 108 insertions(+), 109 deletions(-)
 delete mode 100644 conversion.c
 create mode 100644 converting.c
 rename conversion.h => converting.h (100%)
 create mode 100644 convertingv2output.txt
 delete mode 100644 kuldeepsinh'sconvertingfileoutput.txt

AutoLogon@NHLOAN-L-6868 MINGW64 ~/Downloads/kuldeepv1 (master)
$ git log
commit b9e43812932f479f80b2292d8a59d5fc991ae7ad (HEAD -> master)
Author: Kuldeepsinh1 <kuldeep.mahida@icloud.com>
Date:   Wed Aug 10 22:24:50 2022 -0400

    this is version 2 my friend

commit aa2f4d4560e6d35b9c1d7b37eb1625741c8f489c (origin/master)
Author: Kuldeepsinh1 <kuldeep.mahida@icloud.com>
Date:   Wed Aug 10 22:16:14 2022 -0400

    This is initial commit

AutoLogon@NHLOAN-L-6868 MINGW64 ~/Downloads/kuldeepv1 (master)
$
